Archive member included because of file (symbol)

/usr/local/CrossPack-AVR-20130212/lib/gcc/avr/4.6.2/avr5/libgcc.a(_mulsi3.o)
                              obj/calcs.o (__mulsi3)
/usr/local/CrossPack-AVR-20130212/lib/gcc/avr/4.6.2/avr5/libgcc.a(_udivmodhi4.o)
                              obj/calcs.o (__udivmodhi4)
/usr/local/CrossPack-AVR-20130212/lib/gcc/avr/4.6.2/avr5/libgcc.a(_udivmodsi4.o)
                              obj/calcs.o (__udivmodsi4)
/usr/local/CrossPack-AVR-20130212/lib/gcc/avr/4.6.2/avr5/libgcc.a(_exit.o)
                              /usr/local/CrossPack-AVR-20130212/lib/gcc/avr/4.6.2/../../../../avr/lib/avr5/crtm168.o (exit)
/usr/local/CrossPack-AVR-20130212/lib/gcc/avr/4.6.2/avr5/libgcc.a(_copy_data.o)
                              obj/main.o (__do_copy_data)
/usr/local/CrossPack-AVR-20130212/lib/gcc/avr/4.6.2/avr5/libgcc.a(_clear_bss.o)
                              obj/main.o (__do_clear_bss)
/usr/local/CrossPack-AVR-20130212/lib/gcc/avr/4.6.2/../../../../avr/lib/avr5/libc.a(itoa.o)
                              obj/display.o (itoa)
/usr/local/CrossPack-AVR-20130212/lib/gcc/avr/4.6.2/../../../../avr/lib/avr5/libc.a(eerd_block_atmega168.o)
                              obj/settings.o (__eerd_block_m168)
/usr/local/CrossPack-AVR-20130212/lib/gcc/avr/4.6.2/../../../../avr/lib/avr5/libc.a(eeupd_block_atmega168.o)
                              obj/settings.o (__eeupd_block_m168)
/usr/local/CrossPack-AVR-20130212/lib/gcc/avr/4.6.2/../../../../avr/lib/avr5/libc.a(eeupd_byte_atmega168.o)
                              /usr/local/CrossPack-AVR-20130212/lib/gcc/avr/4.6.2/../../../../avr/lib/avr5/libc.a(eeupd_block_atmega168.o) (__eeupd_r18_m168)
/usr/local/CrossPack-AVR-20130212/lib/gcc/avr/4.6.2/../../../../avr/lib/avr5/libc.a(strrev.o)
                              /usr/local/CrossPack-AVR-20130212/lib/gcc/avr/4.6.2/../../../../avr/lib/avr5/libc.a(itoa.o) (strrev)

Memory Configuration

Name             Origin             Length             Attributes
text             0x00000000         0x00020000         xr
data             0x00800060         0x0000ffa0         rw !x
eeprom           0x00810000         0x00010000         rw !x
fuse             0x00820000         0x00000400         rw !x
lock             0x00830000         0x00000400         rw !x
signature        0x00840000         0x00000400         rw !x
*default*        0x00000000         0xffffffff

Linker script and memory map

Address of section .data set to 0x800100
LOAD /usr/local/CrossPack-AVR-20130212/lib/gcc/avr/4.6.2/../../../../avr/lib/avr5/crtm168.o
LOAD obj/main.o
LOAD obj/calcs.o
LOAD obj/display.o
LOAD obj/encoder.o
LOAD obj/pwm.o
LOAD obj/settings.o
LOAD obj/status.o
LOAD obj/ui.o
LOAD /usr/local/CrossPack-AVR-20130212/lib/gcc/avr/4.6.2/avr5/libgcc.a
LOAD /usr/local/CrossPack-AVR-20130212/lib/gcc/avr/4.6.2/../../../../avr/lib/avr5/libc.a
LOAD /usr/local/CrossPack-AVR-20130212/lib/gcc/avr/4.6.2/avr5/libgcc.a

.hash
 *(.hash)

.dynsym
 *(.dynsym)

.dynstr
 *(.dynstr)

.gnu.version
 *(.gnu.version)

.gnu.version_d
 *(.gnu.version_d)

.gnu.version_r
 *(.gnu.version_r)

.rel.init
 *(.rel.init)

.rela.init
 *(.rela.init)

.rel.text
 *(.rel.text)
 *(.rel.text.*)
 *(.rel.gnu.linkonce.t*)

.rela.text
 *(.rela.text)
 *(.rela.text.*)
 *(.rela.gnu.linkonce.t*)

.rel.fini
 *(.rel.fini)

.rela.fini
 *(.rela.fini)

.rel.rodata
 *(.rel.rodata)
 *(.rel.rodata.*)
 *(.rel.gnu.linkonce.r*)

.rela.rodata
 *(.rela.rodata)
 *(.rela.rodata.*)
 *(.rela.gnu.linkonce.r*)

.rel.data
 *(.rel.data)
 *(.rel.data.*)
 *(.rel.gnu.linkonce.d*)

.rela.data
 *(.rela.data)
 *(.rela.data.*)
 *(.rela.gnu.linkonce.d*)

.rel.ctors
 *(.rel.ctors)

.rela.ctors
 *(.rela.ctors)

.rel.dtors
 *(.rel.dtors)

.rela.dtors
 *(.rela.dtors)

.rel.got
 *(.rel.got)

.rela.got
 *(.rela.got)

.rel.bss
 *(.rel.bss)

.rela.bss
 *(.rela.bss)

.rel.plt
 *(.rel.plt)

.rela.plt
 *(.rela.plt)

.text           0x00000000      0xd2a
 *(.vectors)
 .vectors       0x00000000       0x68 /usr/local/CrossPack-AVR-20130212/lib/gcc/avr/4.6.2/../../../../avr/lib/avr5/crtm168.o
                0x00000000                __vectors
                0x00000000                __vector_default
 *(.vectors)
 *(.progmem.gcc*)
 *(.progmem*)
                0x00000068                . = ALIGN (0x2)
                0x00000068                __trampolines_start = .
 *(.trampolines)
 .trampolines   0x00000068        0x0 linker stubs
 *(.trampolines*)
                0x00000068                __trampolines_end = .
 *(.jumptables)
 *(.jumptables*)
 *(.lowtext)
 *(.lowtext*)
                0x00000068                __ctors_start = .
 *(.ctors)
                0x00000068                __ctors_end = .
                0x00000068                __dtors_start = .
 *(.dtors)
                0x00000068                __dtors_end = .
 SORT(*)(.ctors)
 SORT(*)(.dtors)
 *(.init0)
 .init0         0x00000068        0x0 /usr/local/CrossPack-AVR-20130212/lib/gcc/avr/4.6.2/../../../../avr/lib/avr5/crtm168.o
                0x00000068                __init
 *(.init0)
 *(.init1)
 *(.init1)
 *(.init2)
 .init2         0x00000068        0xc /usr/local/CrossPack-AVR-20130212/lib/gcc/avr/4.6.2/../../../../avr/lib/avr5/crtm168.o
 *(.init2)
 *(.init3)
 *(.init3)
 *(.init4)
 .init4         0x00000074       0x16 /usr/local/CrossPack-AVR-20130212/lib/gcc/avr/4.6.2/avr5/libgcc.a(_copy_data.o)
                0x00000074                __do_copy_data
 .init4         0x0000008a       0x10 /usr/local/CrossPack-AVR-20130212/lib/gcc/avr/4.6.2/avr5/libgcc.a(_clear_bss.o)
                0x0000008a                __do_clear_bss
 *(.init4)
 *(.init5)
 *(.init5)
 *(.init6)
 *(.init6)
 *(.init7)
 *(.init7)
 *(.init8)
 *(.init8)
 *(.init9)
 .init9         0x0000009a        0x8 /usr/local/CrossPack-AVR-20130212/lib/gcc/avr/4.6.2/../../../../avr/lib/avr5/crtm168.o
 *(.init9)
 *(.text)
 .text          0x000000a2        0x4 /usr/local/CrossPack-AVR-20130212/lib/gcc/avr/4.6.2/../../../../avr/lib/avr5/crtm168.o
                0x000000a2                __vector_20
                0x000000a2                __vector_1
                0x000000a2                __vector_24
                0x000000a2                __vector_12
                0x000000a2                __bad_interrupt
                0x000000a2                __vector_6
                0x000000a2                __vector_3
                0x000000a2                __vector_23
                0x000000a2                __vector_25
                0x000000a2                __vector_11
                0x000000a2                __vector_13
                0x000000a2                __vector_17
                0x000000a2                __vector_19
                0x000000a2                __vector_7
                0x000000a2                __vector_5
                0x000000a2                __vector_9
                0x000000a2                __vector_2
                0x000000a2                __vector_21
                0x000000a2                __vector_15
                0x000000a2                __vector_8
                0x000000a2                __vector_10
                0x000000a2                __vector_16
                0x000000a2                __vector_18
                0x000000a2                __vector_22
 .text          0x000000a6        0x0 obj/main.o
 .text          0x000000a6       0xa6 obj/calcs.o
                0x000000a6                calcs_minimum_sensitivity
                0x000000c2                calcs_range
                0x000000de                calcs_pwm_time
                0x0000011a                calcs_pwm_percent
 .text          0x0000014c      0x1c6 obj/display.o
                0x0000014c                display_init
                0x00000176                display_write_number
                0x0000020a                display_write_string
                0x0000025c                millis
                0x00000280                __vector_14
 .text          0x00000312      0x214 obj/encoder.o
                0x00000312                encoder_init
                0x00000336                encoder_minimum
                0x0000033c                encoder_maximum
                0x00000342                encoder_value
                0x00000350                encoder_changed
                0x00000356                encoder_set_value
                0x00000384                encoder_set_limits
                0x0000039e                encoder_ok
                0x000003b2                encoder_cancel
                0x00000404                encoder_raw_enter
                0x0000040e                __vector_4
 .text          0x00000526       0xd2 obj/pwm.o
                0x00000526                pwm_init
                0x0000052a                pwm_set_period
                0x00000554                pwm_update
                0x000005e4                pwm_set_level
                0x000005ee                pwm_period
 .text          0x000005f8       0x5a obj/settings.o
                0x000005f8                settings_init
                0x0000062c                settings_load
                0x0000063a                settings_save
                0x0000064e                settings_crc
 .text          0x00000652       0x28 obj/status.o
                0x00000652                status_init
                0x0000065a                status_set
                0x00000664                status_clear
                0x00000670                status_toggle
 .text          0x0000067a      0x4cc obj/ui.o
                0x0000067a                ui_setup_save
                0x0000067e                ui_update_value
                0x000006e0                ui_state_enter
                0x0000074a                ui_lock
                0x00000774                ui_init
                0x000007a4                ui_unlock
                0x000007ca                ui_update
                0x00000814                ui_setup
                0x000008a6                ui_get_value
                0x0000094a                ui_setup_user3
                0x00000980                ui_setup_user2
                0x000009b6                ui_setup_user1
                0x000009ec                ui_setup_frequency
                0x00000a22                ui_setup_sensitivity
                0x00000a58                ui_setup_period
                0x00000a8e                ui_get_yes_no
                0x00000b00                ui_setup_reset
                0x00000b28                ui_setup_hotlock
 .text          0x00000b46        0x0 /usr/local/CrossPack-AVR-20130212/lib/gcc/avr/4.6.2/avr5/libgcc.a(_mulsi3.o)
 .text          0x00000b46        0x0 /usr/local/CrossPack-AVR-20130212/lib/gcc/avr/4.6.2/avr5/libgcc.a(_udivmodhi4.o)
 .text          0x00000b46        0x0 /usr/local/CrossPack-AVR-20130212/lib/gcc/avr/4.6.2/avr5/libgcc.a(_udivmodsi4.o)
 .text          0x00000b46        0x0 /usr/local/CrossPack-AVR-20130212/lib/gcc/avr/4.6.2/avr5/libgcc.a(_exit.o)
 .text          0x00000b46        0x0 /usr/local/CrossPack-AVR-20130212/lib/gcc/avr/4.6.2/avr5/libgcc.a(_copy_data.o)
 .text          0x00000b46        0x0 /usr/local/CrossPack-AVR-20130212/lib/gcc/avr/4.6.2/avr5/libgcc.a(_clear_bss.o)
 .text          0x00000b46        0x0 /usr/local/CrossPack-AVR-20130212/lib/gcc/avr/4.6.2/../../../../avr/lib/avr5/libc.a(itoa.o)
 .text          0x00000b46        0x0 /usr/local/CrossPack-AVR-20130212/lib/gcc/avr/4.6.2/../../../../avr/lib/avr5/libc.a(eerd_block_atmega168.o)
 .text          0x00000b46        0x0 /usr/local/CrossPack-AVR-20130212/lib/gcc/avr/4.6.2/../../../../avr/lib/avr5/libc.a(eeupd_block_atmega168.o)
 .text          0x00000b46        0x0 /usr/local/CrossPack-AVR-20130212/lib/gcc/avr/4.6.2/../../../../avr/lib/avr5/libc.a(eeupd_byte_atmega168.o)
 .text          0x00000b46        0x0 /usr/local/CrossPack-AVR-20130212/lib/gcc/avr/4.6.2/../../../../avr/lib/avr5/libc.a(strrev.o)
                0x00000b46                . = ALIGN (0x2)
 *(.text.*)
 .text.startup  0x00000b46       0x70 obj/main.o
                0x00000b46                main
 .text.libgcc   0x00000bb6       0x3e /usr/local/CrossPack-AVR-20130212/lib/gcc/avr/4.6.2/avr5/libgcc.a(_mulsi3.o)
                0x00000bb6                __mulsi3
 .text.libgcc   0x00000bf4       0x28 /usr/local/CrossPack-AVR-20130212/lib/gcc/avr/4.6.2/avr5/libgcc.a(_udivmodhi4.o)
                0x00000bf4                __udivmodhi4
 .text.libgcc   0x00000c1c       0x44 /usr/local/CrossPack-AVR-20130212/lib/gcc/avr/4.6.2/avr5/libgcc.a(_udivmodsi4.o)
                0x00000c1c                __udivmodsi4
 .text.libgcc   0x00000c60        0x0 /usr/local/CrossPack-AVR-20130212/lib/gcc/avr/4.6.2/avr5/libgcc.a(_exit.o)
 .text.libgcc   0x00000c60        0x0 /usr/local/CrossPack-AVR-20130212/lib/gcc/avr/4.6.2/avr5/libgcc.a(_copy_data.o)
 .text.libgcc   0x00000c60        0x0 /usr/local/CrossPack-AVR-20130212/lib/gcc/avr/4.6.2/avr5/libgcc.a(_clear_bss.o)
 .text.avr-libc
                0x00000c60       0x42 /usr/local/CrossPack-AVR-20130212/lib/gcc/avr/4.6.2/../../../../avr/lib/avr5/libc.a(itoa.o)
                0x00000c60                itoa
 .text.avr-libc
                0x00000ca2       0x20 /usr/local/CrossPack-AVR-20130212/lib/gcc/avr/4.6.2/../../../../avr/lib/avr5/libc.a(eerd_block_atmega168.o)
                0x00000ca2                __eerd_block_m168
                0x00000ca6                __eerd_blraw_m168
 .text.avr-libc
                0x00000cc2       0x20 /usr/local/CrossPack-AVR-20130212/lib/gcc/avr/4.6.2/../../../../avr/lib/avr5/libc.a(eeupd_block_atmega168.o)
                0x00000cc2                __eeupd_block_m168
 .text.avr-libc
                0x00000ce2       0x24 /usr/local/CrossPack-AVR-20130212/lib/gcc/avr/4.6.2/../../../../avr/lib/avr5/libc.a(eeupd_byte_atmega168.o)
                0x00000ce2                __eeupd_byte_m168
                0x00000ce4                __eeupd_r18_m168
 .text.avr-libc
                0x00000d06       0x20 /usr/local/CrossPack-AVR-20130212/lib/gcc/avr/4.6.2/../../../../avr/lib/avr5/libc.a(strrev.o)
                0x00000d06                strrev
                0x00000d26                . = ALIGN (0x2)
 *(.fini9)
 .fini9         0x00000d26        0x0 /usr/local/CrossPack-AVR-20130212/lib/gcc/avr/4.6.2/avr5/libgcc.a(_exit.o)
                0x00000d26                exit
                0x00000d26                _exit
 *(.fini9)
 *(.fini8)
 *(.fini8)
 *(.fini7)
 *(.fini7)
 *(.fini6)
 *(.fini6)
 *(.fini5)
 *(.fini5)
 *(.fini4)
 *(.fini4)
 *(.fini3)
 *(.fini3)
 *(.fini2)
 *(.fini2)
 *(.fini1)
 *(.fini1)
 *(.fini0)
 .fini0         0x00000d26        0x4 /usr/local/CrossPack-AVR-20130212/lib/gcc/avr/4.6.2/avr5/libgcc.a(_exit.o)
 *(.fini0)
                0x00000d2a                _etext = .

.data           0x00800100       0x76 load address 0x00000d2a
                0x00800100                PROVIDE (__data_start, .)
 *(.data)
 .data          0x00800100        0x0 /usr/local/CrossPack-AVR-20130212/lib/gcc/avr/4.6.2/../../../../avr/lib/avr5/crtm168.o
 .data          0x00800100        0x0 obj/main.o
 .data          0x00800100        0x0 obj/calcs.o
 .data          0x00800100       0x27 obj/display.o
 .data          0x00800127        0x0 obj/encoder.o
 .data          0x00800127        0x0 obj/pwm.o
 .data          0x00800127        0x0 obj/settings.o
 .data          0x00800127        0x0 obj/status.o
 .data          0x00800127       0x4f obj/ui.o
 .data          0x00800176        0x0 /usr/local/CrossPack-AVR-20130212/lib/gcc/avr/4.6.2/avr5/libgcc.a(_mulsi3.o)
 .data          0x00800176        0x0 /usr/local/CrossPack-AVR-20130212/lib/gcc/avr/4.6.2/avr5/libgcc.a(_udivmodhi4.o)
 .data          0x00800176        0x0 /usr/local/CrossPack-AVR-20130212/lib/gcc/avr/4.6.2/avr5/libgcc.a(_udivmodsi4.o)
 .data          0x00800176        0x0 /usr/local/CrossPack-AVR-20130212/lib/gcc/avr/4.6.2/avr5/libgcc.a(_exit.o)
 .data          0x00800176        0x0 /usr/local/CrossPack-AVR-20130212/lib/gcc/avr/4.6.2/avr5/libgcc.a(_copy_data.o)
 .data          0x00800176        0x0 /usr/local/CrossPack-AVR-20130212/lib/gcc/avr/4.6.2/avr5/libgcc.a(_clear_bss.o)
 .data          0x00800176        0x0 /usr/local/CrossPack-AVR-20130212/lib/gcc/avr/4.6.2/../../../../avr/lib/avr5/libc.a(itoa.o)
 .data          0x00800176        0x0 /usr/local/CrossPack-AVR-20130212/lib/gcc/avr/4.6.2/../../../../avr/lib/avr5/libc.a(eerd_block_atmega168.o)
 .data          0x00800176        0x0 /usr/local/CrossPack-AVR-20130212/lib/gcc/avr/4.6.2/../../../../avr/lib/avr5/libc.a(eeupd_block_atmega168.o)
 .data          0x00800176        0x0 /usr/local/CrossPack-AVR-20130212/lib/gcc/avr/4.6.2/../../../../avr/lib/avr5/libc.a(eeupd_byte_atmega168.o)
 .data          0x00800176        0x0 /usr/local/CrossPack-AVR-20130212/lib/gcc/avr/4.6.2/../../../../avr/lib/avr5/libc.a(strrev.o)
 *(.data*)
 *(.rodata)
 *(.rodata*)
 *(.gnu.linkonce.d*)
                0x00800176                . = ALIGN (0x2)
                0x00800176                _edata = .
                0x00800176                PROVIDE (__data_end, .)

.bss            0x00800176       0x1e
                0x00800176                PROVIDE (__bss_start, .)
 *(.bss)
 .bss           0x00800176        0x0 /usr/local/CrossPack-AVR-20130212/lib/gcc/avr/4.6.2/../../../../avr/lib/avr5/crtm168.o
 .bss           0x00800176        0x0 obj/main.o
 .bss           0x00800176        0x0 obj/calcs.o
 .bss           0x00800176        0x8 obj/display.o
 .bss           0x0080017e        0xb obj/encoder.o
 .bss           0x00800189        0x8 obj/pwm.o
 .bss           0x00800191        0x0 obj/settings.o
 .bss           0x00800191        0x0 obj/status.o
 .bss           0x00800191        0x3 obj/ui.o
 .bss           0x00800194        0x0 /usr/local/CrossPack-AVR-20130212/lib/gcc/avr/4.6.2/avr5/libgcc.a(_mulsi3.o)
 .bss           0x00800194        0x0 /usr/local/CrossPack-AVR-20130212/lib/gcc/avr/4.6.2/avr5/libgcc.a(_udivmodhi4.o)
 .bss           0x00800194        0x0 /usr/local/CrossPack-AVR-20130212/lib/gcc/avr/4.6.2/avr5/libgcc.a(_udivmodsi4.o)
 .bss           0x00800194        0x0 /usr/local/CrossPack-AVR-20130212/lib/gcc/avr/4.6.2/avr5/libgcc.a(_exit.o)
 .bss           0x00800194        0x0 /usr/local/CrossPack-AVR-20130212/lib/gcc/avr/4.6.2/avr5/libgcc.a(_copy_data.o)
 .bss           0x00800194        0x0 /usr/local/CrossPack-AVR-20130212/lib/gcc/avr/4.6.2/avr5/libgcc.a(_clear_bss.o)
 .bss           0x00800194        0x0 /usr/local/CrossPack-AVR-20130212/lib/gcc/avr/4.6.2/../../../../avr/lib/avr5/libc.a(itoa.o)
 .bss           0x00800194        0x0 /usr/local/CrossPack-AVR-20130212/lib/gcc/avr/4.6.2/../../../../avr/lib/avr5/libc.a(eerd_block_atmega168.o)
 .bss           0x00800194        0x0 /usr/local/CrossPack-AVR-20130212/lib/gcc/avr/4.6.2/../../../../avr/lib/avr5/libc.a(eeupd_block_atmega168.o)
 .bss           0x00800194        0x0 /usr/local/CrossPack-AVR-20130212/lib/gcc/avr/4.6.2/../../../../avr/lib/avr5/libc.a(eeupd_byte_atmega168.o)
 .bss           0x00800194        0x0 /usr/local/CrossPack-AVR-20130212/lib/gcc/avr/4.6.2/../../../../avr/lib/avr5/libc.a(strrev.o)
 *(.bss*)
 *(COMMON)
                0x00800194                PROVIDE (__bss_end, .)
                0x00000d2a                __data_load_start = LOADADDR (.data)
                0x00000da0                __data_load_end = (__data_load_start + SIZEOF (.data))

.noinit         0x00800194        0x0
                0x00800194                PROVIDE (__noinit_start, .)
 *(.noinit*)
                0x00800194                PROVIDE (__noinit_end, .)
                0x00800194                _end = .
                0x00800194                PROVIDE (__heap_start, .)

.eeprom         0x00810000        0xa
 *(.eeprom*)
 .eeprom        0x00810000        0xa obj/settings.o
                0x00810000                eepromSettings
                0x0081000a                __eeprom_end = .

.fuse
 *(.fuse)
 *(.lfuse)
 *(.hfuse)
 *(.efuse)

.lock
 *(.lock*)

.signature
 *(.signature*)

.stab           0x00000000      0xc54
 *(.stab)
 .stab          0x00000000      0x6cc /usr/local/CrossPack-AVR-20130212/lib/gcc/avr/4.6.2/../../../../avr/lib/avr5/crtm168.o
 .stab          0x000006cc      0x1b0 /usr/local/CrossPack-AVR-20130212/lib/gcc/avr/4.6.2/../../../../avr/lib/avr5/libc.a(itoa.o)
                                0x1bc (size before relaxing)
 .stab          0x0000087c      0x108 /usr/local/CrossPack-AVR-20130212/lib/gcc/avr/4.6.2/../../../../avr/lib/avr5/libc.a(eerd_block_atmega168.o)
                                0x114 (size before relaxing)
 .stab          0x00000984       0xe4 /usr/local/CrossPack-AVR-20130212/lib/gcc/avr/4.6.2/../../../../avr/lib/avr5/libc.a(eeupd_block_atmega168.o)
                                 0xf0 (size before relaxing)
 .stab          0x00000a68      0x114 /usr/local/CrossPack-AVR-20130212/lib/gcc/avr/4.6.2/../../../../avr/lib/avr5/libc.a(eeupd_byte_atmega168.o)
                                0x120 (size before relaxing)
 .stab          0x00000b7c       0xd8 /usr/local/CrossPack-AVR-20130212/lib/gcc/avr/4.6.2/../../../../avr/lib/avr5/libc.a(strrev.o)
                                 0xe4 (size before relaxing)

.stabstr        0x00000000      0x253
 *(.stabstr)
 .stabstr       0x00000000      0x253 /usr/local/CrossPack-AVR-20130212/lib/gcc/avr/4.6.2/../../../../avr/lib/avr5/crtm168.o

.stab.excl
 *(.stab.excl)

.stab.exclstr
 *(.stab.exclstr)

.stab.index
 *(.stab.index)

.stab.indexstr
 *(.stab.indexstr)

.comment
 *(.comment)

.debug
 *(.debug)

.line
 *(.line)

.debug_srcinfo
 *(.debug_srcinfo)

.debug_sfnames
 *(.debug_sfnames)

.debug_aranges  0x00000000      0x1c0
 *(.debug_aranges)
 .debug_aranges
                0x00000000       0x20 obj/main.o
 .debug_aranges
                0x00000020       0x20 obj/calcs.o
 .debug_aranges
                0x00000040       0x20 obj/display.o
 .debug_aranges
                0x00000060       0x20 obj/encoder.o
 .debug_aranges
                0x00000080       0x20 obj/pwm.o
 .debug_aranges
                0x000000a0       0x20 obj/settings.o
 .debug_aranges
                0x000000c0       0x20 obj/status.o
 .debug_aranges
                0x000000e0       0x20 obj/ui.o
 .debug_aranges
                0x00000100       0x20 /usr/local/CrossPack-AVR-20130212/lib/gcc/avr/4.6.2/avr5/libgcc.a(_mulsi3.o)
 .debug_aranges
                0x00000120       0x20 /usr/local/CrossPack-AVR-20130212/lib/gcc/avr/4.6.2/avr5/libgcc.a(_udivmodhi4.o)
 .debug_aranges
                0x00000140       0x20 /usr/local/CrossPack-AVR-20130212/lib/gcc/avr/4.6.2/avr5/libgcc.a(_udivmodsi4.o)
 .debug_aranges
                0x00000160       0x20 /usr/local/CrossPack-AVR-20130212/lib/gcc/avr/4.6.2/avr5/libgcc.a(_exit.o)
 .debug_aranges
                0x00000180       0x20 /usr/local/CrossPack-AVR-20130212/lib/gcc/avr/4.6.2/avr5/libgcc.a(_copy_data.o)
 .debug_aranges
                0x000001a0       0x20 /usr/local/CrossPack-AVR-20130212/lib/gcc/avr/4.6.2/avr5/libgcc.a(_clear_bss.o)

.debug_pubnames
 *(.debug_pubnames)

.debug_info     0x00000000     0x1d21
 *(.debug_info)
 .debug_info    0x00000000      0x191 obj/main.o
 .debug_info    0x00000191      0x1a1 obj/calcs.o
 .debug_info    0x00000332      0x35d obj/display.o
 .debug_info    0x0000068f      0x443 obj/encoder.o
 .debug_info    0x00000ad2      0x24f obj/pwm.o
 .debug_info    0x00000d21      0x24a obj/settings.o
 .debug_info    0x00000f6b      0x1ea obj/status.o
 .debug_info    0x00001155      0x74c obj/ui.o
 .debug_info    0x000018a1       0xc0 /usr/local/CrossPack-AVR-20130212/lib/gcc/avr/4.6.2/avr5/libgcc.a(_mulsi3.o)
 .debug_info    0x00001961       0xc0 /usr/local/CrossPack-AVR-20130212/lib/gcc/avr/4.6.2/avr5/libgcc.a(_udivmodhi4.o)
 .debug_info    0x00001a21       0xc0 /usr/local/CrossPack-AVR-20130212/lib/gcc/avr/4.6.2/avr5/libgcc.a(_udivmodsi4.o)
 .debug_info    0x00001ae1       0xc0 /usr/local/CrossPack-AVR-20130212/lib/gcc/avr/4.6.2/avr5/libgcc.a(_exit.o)
 .debug_info    0x00001ba1       0xc0 /usr/local/CrossPack-AVR-20130212/lib/gcc/avr/4.6.2/avr5/libgcc.a(_copy_data.o)
 .debug_info    0x00001c61       0xc0 /usr/local/CrossPack-AVR-20130212/lib/gcc/avr/4.6.2/avr5/libgcc.a(_clear_bss.o)
 *(.gnu.linkonce.wi.*)

.debug_abbrev   0x00000000      0xa58
 *(.debug_abbrev)
 .debug_abbrev  0x00000000       0xb6 obj/main.o
 .debug_abbrev  0x000000b6       0xab obj/calcs.o
 .debug_abbrev  0x00000161      0x172 obj/display.o
 .debug_abbrev  0x000002d3      0x1b9 obj/encoder.o
 .debug_abbrev  0x0000048c      0x111 obj/pwm.o
 .debug_abbrev  0x0000059d      0x151 obj/settings.o
 .debug_abbrev  0x000006ee       0xb6 obj/status.o
 .debug_abbrev  0x000007a4      0x23c obj/ui.o
 .debug_abbrev  0x000009e0       0x14 /usr/local/CrossPack-AVR-20130212/lib/gcc/avr/4.6.2/avr5/libgcc.a(_mulsi3.o)
 .debug_abbrev  0x000009f4       0x14 /usr/local/CrossPack-AVR-20130212/lib/gcc/avr/4.6.2/avr5/libgcc.a(_udivmodhi4.o)
 .debug_abbrev  0x00000a08       0x14 /usr/local/CrossPack-AVR-20130212/lib/gcc/avr/4.6.2/avr5/libgcc.a(_udivmodsi4.o)
 .debug_abbrev  0x00000a1c       0x14 /usr/local/CrossPack-AVR-20130212/lib/gcc/avr/4.6.2/avr5/libgcc.a(_exit.o)
 .debug_abbrev  0x00000a30       0x14 /usr/local/CrossPack-AVR-20130212/lib/gcc/avr/4.6.2/avr5/libgcc.a(_copy_data.o)
 .debug_abbrev  0x00000a44       0x14 /usr/local/CrossPack-AVR-20130212/lib/gcc/avr/4.6.2/avr5/libgcc.a(_clear_bss.o)

.debug_line     0x00000000      0xa87
 *(.debug_line)
 .debug_line    0x00000000       0xbe obj/main.o
 .debug_line    0x000000be       0x97 obj/calcs.o
 .debug_line    0x00000155      0x170 obj/display.o
 .debug_line    0x000002c5      0x19c obj/encoder.o
 .debug_line    0x00000461       0xbd obj/pwm.o
 .debug_line    0x0000051e       0xba obj/settings.o
 .debug_line    0x000005d8       0xb1 obj/status.o
 .debug_line    0x00000689      0x178 obj/ui.o
 .debug_line    0x00000801       0x79 /usr/local/CrossPack-AVR-20130212/lib/gcc/avr/4.6.2/avr5/libgcc.a(_mulsi3.o)
 .debug_line    0x0000087a       0x6e /usr/local/CrossPack-AVR-20130212/lib/gcc/avr/4.6.2/avr5/libgcc.a(_udivmodhi4.o)
 .debug_line    0x000008e8       0x7c /usr/local/CrossPack-AVR-20130212/lib/gcc/avr/4.6.2/avr5/libgcc.a(_udivmodsi4.o)
 .debug_line    0x00000964       0x5c /usr/local/CrossPack-AVR-20130212/lib/gcc/avr/4.6.2/avr5/libgcc.a(_exit.o)
 .debug_line    0x000009c0       0x65 /usr/local/CrossPack-AVR-20130212/lib/gcc/avr/4.6.2/avr5/libgcc.a(_copy_data.o)
 .debug_line    0x00000a25       0x62 /usr/local/CrossPack-AVR-20130212/lib/gcc/avr/4.6.2/avr5/libgcc.a(_clear_bss.o)

.debug_frame    0x00000000      0x618
 *(.debug_frame)
 .debug_frame   0x00000000       0x34 obj/main.o
 .debug_frame   0x00000034       0x7c obj/calcs.o
 .debug_frame   0x000000b0       0xcc obj/display.o
 .debug_frame   0x0000017c      0x120 obj/encoder.o
 .debug_frame   0x0000029c       0x70 obj/pwm.o
 .debug_frame   0x0000030c       0x54 obj/settings.o
 .debug_frame   0x00000360       0x54 obj/status.o
 .debug_frame   0x000003b4      0x264 obj/ui.o

.debug_str      0x00000000      0x8f4
 *(.debug_str)
 .debug_str     0x00000000      0x12d obj/main.o
                                0x17e (size before relaxing)
 .debug_str     0x0000012d       0x7d obj/calcs.o
                                0x148 (size before relaxing)
 .debug_str     0x000001aa      0x20b obj/display.o
                                0x2c2 (size before relaxing)
 .debug_str     0x000003b5      0x1ed obj/encoder.o
                                0x407 (size before relaxing)
 .debug_str     0x000005a2       0x67 obj/pwm.o
                                0x26c (size before relaxing)
 .debug_str     0x00000609       0x60 obj/settings.o
                                0x19e (size before relaxing)
 .debug_str     0x00000669       0x47 obj/status.o
                                0x223 (size before relaxing)
 .debug_str     0x000006b0      0x244 obj/ui.o
                                0x4e9 (size before relaxing)

.debug_loc      0x00000000      0xf5a
 *(.debug_loc)
 .debug_loc     0x00000000       0x3b obj/main.o
 .debug_loc     0x0000003b      0x172 obj/calcs.o
 .debug_loc     0x000001ad      0x260 obj/display.o
 .debug_loc     0x0000040d      0x208 obj/encoder.o
 .debug_loc     0x00000615       0x7b obj/pwm.o
 .debug_loc     0x00000690       0x70 obj/settings.o
 .debug_loc     0x00000700       0x39 obj/status.o
 .debug_loc     0x00000739      0x821 obj/ui.o

.debug_macinfo
 *(.debug_macinfo)
OUTPUT(main.elf elf32-avr)
LOAD linker stubs

.debug_ranges   0x00000000       0x10
 .debug_ranges  0x00000000       0x10 obj/main.o

Cross Reference Table

Symbol                                            File
__bad_interrupt                                   /usr/local/CrossPack-AVR-20130212/lib/gcc/avr/4.6.2/../../../../avr/lib/avr5/crtm168.o
__bss_end                                         /usr/local/CrossPack-AVR-20130212/lib/gcc/avr/4.6.2/avr5/libgcc.a(_clear_bss.o)
__bss_start                                       /usr/local/CrossPack-AVR-20130212/lib/gcc/avr/4.6.2/avr5/libgcc.a(_clear_bss.o)
__data_end                                        /usr/local/CrossPack-AVR-20130212/lib/gcc/avr/4.6.2/avr5/libgcc.a(_copy_data.o)
__data_load_start                                 /usr/local/CrossPack-AVR-20130212/lib/gcc/avr/4.6.2/avr5/libgcc.a(_copy_data.o)
__data_start                                      /usr/local/CrossPack-AVR-20130212/lib/gcc/avr/4.6.2/avr5/libgcc.a(_copy_data.o)
__do_clear_bss                                    /usr/local/CrossPack-AVR-20130212/lib/gcc/avr/4.6.2/avr5/libgcc.a(_clear_bss.o)
                                                  obj/ui.o
                                                  obj/status.o
                                                  obj/settings.o
                                                  obj/pwm.o
                                                  obj/encoder.o
                                                  obj/display.o
                                                  obj/calcs.o
                                                  obj/main.o
__do_copy_data                                    /usr/local/CrossPack-AVR-20130212/lib/gcc/avr/4.6.2/avr5/libgcc.a(_copy_data.o)
                                                  obj/ui.o
                                                  obj/status.o
                                                  obj/settings.o
                                                  obj/pwm.o
                                                  obj/encoder.o
                                                  obj/display.o
                                                  obj/calcs.o
                                                  obj/main.o
__eerd_block_m168                                 /usr/local/CrossPack-AVR-20130212/lib/gcc/avr/4.6.2/../../../../avr/lib/avr5/libc.a(eerd_block_atmega168.o)
                                                  obj/settings.o
__eerd_blraw_m168                                 /usr/local/CrossPack-AVR-20130212/lib/gcc/avr/4.6.2/../../../../avr/lib/avr5/libc.a(eerd_block_atmega168.o)
__eeupd_block_m168                                /usr/local/CrossPack-AVR-20130212/lib/gcc/avr/4.6.2/../../../../avr/lib/avr5/libc.a(eeupd_block_atmega168.o)
                                                  obj/settings.o
__eeupd_byte_m168                                 /usr/local/CrossPack-AVR-20130212/lib/gcc/avr/4.6.2/../../../../avr/lib/avr5/libc.a(eeupd_byte_atmega168.o)
__eeupd_r18_m168                                  /usr/local/CrossPack-AVR-20130212/lib/gcc/avr/4.6.2/../../../../avr/lib/avr5/libc.a(eeupd_byte_atmega168.o)
                                                  /usr/local/CrossPack-AVR-20130212/lib/gcc/avr/4.6.2/../../../../avr/lib/avr5/libc.a(eeupd_block_atmega168.o)
__heap_end                                        /usr/local/CrossPack-AVR-20130212/lib/gcc/avr/4.6.2/../../../../avr/lib/avr5/crtm168.o
__init                                            /usr/local/CrossPack-AVR-20130212/lib/gcc/avr/4.6.2/../../../../avr/lib/avr5/crtm168.o
__mulsi3                                          /usr/local/CrossPack-AVR-20130212/lib/gcc/avr/4.6.2/avr5/libgcc.a(_mulsi3.o)
                                                  obj/calcs.o
__stack                                           /usr/local/CrossPack-AVR-20130212/lib/gcc/avr/4.6.2/../../../../avr/lib/avr5/crtm168.o
__udivmodhi4                                      /usr/local/CrossPack-AVR-20130212/lib/gcc/avr/4.6.2/avr5/libgcc.a(_udivmodhi4.o)
                                                  /usr/local/CrossPack-AVR-20130212/lib/gcc/avr/4.6.2/../../../../avr/lib/avr5/libc.a(itoa.o)
                                                  obj/calcs.o
__udivmodsi4                                      /usr/local/CrossPack-AVR-20130212/lib/gcc/avr/4.6.2/avr5/libgcc.a(_udivmodsi4.o)
                                                  obj/calcs.o
__vector_1                                        /usr/local/CrossPack-AVR-20130212/lib/gcc/avr/4.6.2/../../../../avr/lib/avr5/crtm168.o
__vector_10                                       /usr/local/CrossPack-AVR-20130212/lib/gcc/avr/4.6.2/../../../../avr/lib/avr5/crtm168.o
__vector_11                                       /usr/local/CrossPack-AVR-20130212/lib/gcc/avr/4.6.2/../../../../avr/lib/avr5/crtm168.o
__vector_12                                       /usr/local/CrossPack-AVR-20130212/lib/gcc/avr/4.6.2/../../../../avr/lib/avr5/crtm168.o
__vector_13                                       /usr/local/CrossPack-AVR-20130212/lib/gcc/avr/4.6.2/../../../../avr/lib/avr5/crtm168.o
__vector_14                                       obj/display.o
                                                  /usr/local/CrossPack-AVR-20130212/lib/gcc/avr/4.6.2/../../../../avr/lib/avr5/crtm168.o
__vector_15                                       /usr/local/CrossPack-AVR-20130212/lib/gcc/avr/4.6.2/../../../../avr/lib/avr5/crtm168.o
__vector_16                                       /usr/local/CrossPack-AVR-20130212/lib/gcc/avr/4.6.2/../../../../avr/lib/avr5/crtm168.o
__vector_17                                       /usr/local/CrossPack-AVR-20130212/lib/gcc/avr/4.6.2/../../../../avr/lib/avr5/crtm168.o
__vector_18                                       /usr/local/CrossPack-AVR-20130212/lib/gcc/avr/4.6.2/../../../../avr/lib/avr5/crtm168.o
__vector_19                                       /usr/local/CrossPack-AVR-20130212/lib/gcc/avr/4.6.2/../../../../avr/lib/avr5/crtm168.o
__vector_2                                        /usr/local/CrossPack-AVR-20130212/lib/gcc/avr/4.6.2/../../../../avr/lib/avr5/crtm168.o
__vector_20                                       /usr/local/CrossPack-AVR-20130212/lib/gcc/avr/4.6.2/../../../../avr/lib/avr5/crtm168.o
__vector_21                                       /usr/local/CrossPack-AVR-20130212/lib/gcc/avr/4.6.2/../../../../avr/lib/avr5/crtm168.o
__vector_22                                       /usr/local/CrossPack-AVR-20130212/lib/gcc/avr/4.6.2/../../../../avr/lib/avr5/crtm168.o
__vector_23                                       /usr/local/CrossPack-AVR-20130212/lib/gcc/avr/4.6.2/../../../../avr/lib/avr5/crtm168.o
__vector_24                                       /usr/local/CrossPack-AVR-20130212/lib/gcc/avr/4.6.2/../../../../avr/lib/avr5/crtm168.o
__vector_25                                       /usr/local/CrossPack-AVR-20130212/lib/gcc/avr/4.6.2/../../../../avr/lib/avr5/crtm168.o
__vector_3                                        /usr/local/CrossPack-AVR-20130212/lib/gcc/avr/4.6.2/../../../../avr/lib/avr5/crtm168.o
__vector_4                                        obj/encoder.o
                                                  /usr/local/CrossPack-AVR-20130212/lib/gcc/avr/4.6.2/../../../../avr/lib/avr5/crtm168.o
__vector_5                                        /usr/local/CrossPack-AVR-20130212/lib/gcc/avr/4.6.2/../../../../avr/lib/avr5/crtm168.o
__vector_6                                        /usr/local/CrossPack-AVR-20130212/lib/gcc/avr/4.6.2/../../../../avr/lib/avr5/crtm168.o
__vector_7                                        /usr/local/CrossPack-AVR-20130212/lib/gcc/avr/4.6.2/../../../../avr/lib/avr5/crtm168.o
__vector_8                                        /usr/local/CrossPack-AVR-20130212/lib/gcc/avr/4.6.2/../../../../avr/lib/avr5/crtm168.o
__vector_9                                        /usr/local/CrossPack-AVR-20130212/lib/gcc/avr/4.6.2/../../../../avr/lib/avr5/crtm168.o
__vector_default                                  /usr/local/CrossPack-AVR-20130212/lib/gcc/avr/4.6.2/../../../../avr/lib/avr5/crtm168.o
__vectors                                         /usr/local/CrossPack-AVR-20130212/lib/gcc/avr/4.6.2/../../../../avr/lib/avr5/crtm168.o
_exit                                             /usr/local/CrossPack-AVR-20130212/lib/gcc/avr/4.6.2/avr5/libgcc.a(_exit.o)
calcs_minimum_sensitivity                         obj/calcs.o
                                                  obj/ui.o
calcs_pwm_percent                                 obj/calcs.o
                                                  obj/ui.o
calcs_pwm_time                                    obj/calcs.o
                                                  obj/ui.o
calcs_range                                       obj/calcs.o
                                                  obj/ui.o
display_init                                      obj/display.o
                                                  obj/main.o
display_write_number                              obj/display.o
                                                  obj/ui.o
display_write_string                              obj/display.o
                                                  obj/ui.o
eepromSettings                                    obj/settings.o
encoder_cancel                                    obj/encoder.o
                                                  obj/ui.o
encoder_changed                                   obj/encoder.o
                                                  obj/ui.o
encoder_init                                      obj/encoder.o
                                                  obj/main.o
encoder_maximum                                   obj/encoder.o
                                                  obj/ui.o
encoder_minimum                                   obj/encoder.o
encoder_ok                                        obj/encoder.o
                                                  obj/ui.o
encoder_raw_enter                                 obj/encoder.o
                                                  obj/main.o
encoder_set_limits                                obj/encoder.o
                                                  obj/ui.o
encoder_set_value                                 obj/encoder.o
                                                  obj/ui.o
encoder_value                                     obj/encoder.o
                                                  obj/ui.o
exit                                              /usr/local/CrossPack-AVR-20130212/lib/gcc/avr/4.6.2/avr5/libgcc.a(_exit.o)
                                                  /usr/local/CrossPack-AVR-20130212/lib/gcc/avr/4.6.2/../../../../avr/lib/avr5/crtm168.o
itoa                                              /usr/local/CrossPack-AVR-20130212/lib/gcc/avr/4.6.2/../../../../avr/lib/avr5/libc.a(itoa.o)
                                                  obj/display.o
main                                              obj/main.o
                                                  /usr/local/CrossPack-AVR-20130212/lib/gcc/avr/4.6.2/../../../../avr/lib/avr5/crtm168.o
millis                                            obj/display.o
                                                  obj/pwm.o
                                                  obj/encoder.o
pwm_init                                          obj/pwm.o
                                                  obj/main.o
pwm_period                                        obj/pwm.o
                                                  obj/ui.o
pwm_set_level                                     obj/pwm.o
                                                  obj/ui.o
pwm_set_period                                    obj/pwm.o
                                                  obj/main.o
pwm_update                                        obj/pwm.o
                                                  obj/main.o
settings_crc                                      obj/settings.o
settings_init                                     obj/settings.o
                                                  obj/ui.o
                                                  obj/main.o
settings_load                                     obj/settings.o
                                                  obj/main.o
settings_save                                     obj/settings.o
                                                  obj/main.o
status_clear                                      obj/status.o
                                                  obj/ui.o
                                                  obj/pwm.o
status_init                                       obj/status.o
                                                  obj/main.o
status_set                                        obj/status.o
                                                  obj/ui.o
                                                  obj/pwm.o
status_toggle                                     obj/status.o
strrev                                            /usr/local/CrossPack-AVR-20130212/lib/gcc/avr/4.6.2/../../../../avr/lib/avr5/libc.a(strrev.o)
                                                  /usr/local/CrossPack-AVR-20130212/lib/gcc/avr/4.6.2/../../../../avr/lib/avr5/libc.a(itoa.o)
ui_get_value                                      obj/ui.o
ui_get_yes_no                                     obj/ui.o
ui_init                                           obj/ui.o
                                                  obj/main.o
ui_lock                                           obj/ui.o
ui_setup                                          obj/ui.o
                                                  obj/main.o
ui_setup_frequency                                obj/ui.o
ui_setup_hotlock                                  obj/ui.o
ui_setup_period                                   obj/ui.o
ui_setup_reset                                    obj/ui.o
ui_setup_save                                     obj/ui.o
ui_setup_sensitivity                              obj/ui.o
ui_setup_user1                                    obj/ui.o
ui_setup_user2                                    obj/ui.o
ui_setup_user3                                    obj/ui.o
ui_state_enter                                    obj/ui.o
ui_unlock                                         obj/ui.o
ui_update                                         obj/ui.o
                                                  obj/main.o
ui_update_value                                   obj/ui.o
